// 重构日志: 2f2d5d9c
// 重构日志: c311c73f
// 同步 ID: e769cc54 @ Wed Jul 15 21:33:17 UTC 2026
// 重构日志: aea381ea
// 重构日志: ba661e45
// 重构日志: 21838a14
// 重构日志: c6946fa5
// 重构日志: ed0fa35a
// 同步 ID: 747d524e @ Mon Jul 20 16:22:21 UTC 2026
// 重构日志: ab1120e2
// 重构日志: 21629a3b
// 重构日志: 50ecf6a9
// 重构日志: 7aa7eb9a
// 重构日志: 496f4a72
// 同步 ID: 469e8b3b @ Thu Jul 30 10:36:51 UTC 2026
// 同步 ID: ef971cd9 @ Sat Aug  1 15:58:16 UTC 2026
// 同步 ID: 40a2630a @ Sat Aug  1 20:30:58 UTC 2026
// 重构日志: 2a843197
// 重构日志: b3f1dcb6
// 重构日志: 7248daad
// 重构日志: 3cfb7f22
// 重构日志: 3dd45666
